[2026-10-05 08:09:05.525] [thread 34036] [info] [Renderer] edition=Standard source=effbf2c9b0b0 module=D:\TESV54BETA\BETA_TRUEAE_V54\mods\TRP NR Before - DvaKolbas trial\SKSE\Plugins\TheosRenderPipeline.dll
[2026-10-05 08:09:05.525] [thread 34036] [info] [Renderer build] TRP_BUILD|edition=Standard|source=effbf2c9b0b0|FSR=1|FG=1|NR=1
[2026-10-05 08:09:47.871] [thread 33464] [info] [Community NR settings] revision=1 placement=After SR before FG stableColors=false tone=1 structure=1 style=0
[2026-10-05 08:13:35.374] [thread 34036] [info] [Overlay] hotkey vk=0x23 opened
[2026-10-05 08:13:39.215] [thread 34036] [info] [Overlay] source settings applied save=false mode=3 quality=2 preset=11 requestedMode=3 requestedQuality=2 requestedPreset=11
[2026-10-05 08:13:39.233] [thread 34036] [info] [Community NR settings] revision=2 placement=After SR before FG stableColors=false tone=1 structure=1 style=0
[2026-10-05 08:13:40.946] [thread 34036] [info] [Overlay] source settings applied save=false mode=3 quality=2 preset=11 requestedMode=3 requestedQuality=2 requestedPreset=11
[2026-10-05 08:13:40.960] [thread 34036] [info] [Community NR settings] revision=3 placement=After SR before FG stableColors=false tone=1 structure=1 style=0
[2026-10-05 08:13:43.893] [thread 34036] [info] [Overlay] source settings applied save=false mode=3 quality=2 preset=11 requestedMode=3 requestedQuality=2 requestedPreset=11
[2026-10-05 08:13:43.912] [thread 34036] [info] [Community NR settings] revision=4 placement=Before SR stableColors=false tone=1 structure=1 style=0
[2026-10-05 08:13:47.363] [thread 34036] [info] [Overlay] source settings applied save=false mode=3 quality=2 preset=11 requestedMode=3 requestedQuality=2 requestedPreset=11
[2026-10-05 08:13:47.382] [thread 34036] [info] [Community NR settings] revision=5 placement=After SR before FG stableColors=false tone=1 structure=1 style=0
[2026-10-05 08:13:52.263] [thread 34036] [info] [Overlay] source settings applied save=false mode=3 quality=2 preset=11 requestedMode=3 requestedQuality=2 requestedPreset=11
[2026-10-05 08:13:52.281] [thread 34036] [info] [Community NR settings] revision=6 placement=After SR before FG stableColors=false tone=0.56 structure=1.544 style=0
[2026-10-05 08:14:00.788] [thread 34036] [info] [Overlay] source settings applied save=false mode=3 quality=2 preset=11 requestedMode=3 requestedQuality=2 requestedPreset=11
[2026-10-05 08:14:01.818] [thread 34036] [info] [Overlay] hotkey vk=0x23 closed
[2026-10-05 08:14:04.691] [thread 34036] [info] [Overlay] hotkey vk=0x23 opened
[2026-10-05 08:14:09.188] [thread 34036] [info] [Overlay] source settings applied save=false mode=3 quality=2 preset=11 requestedMode=3 requestedQuality=2 requestedPreset=11
[2026-10-05 08:14:15.804] [thread 34036] [info] [Overlay] source settings applied save=false mode=3 quality=2 preset=11 requestedMode=3 requestedQuality=2 requestedPreset=11
[2026-10-05 08:14:21.031] [thread 34036] [info] [Overlay] source settings applied save=false mode=3 quality=2 preset=11 requestedMode=3 requestedQuality=2 requestedPreset=11
[2026-10-05 08:14:24.037] [thread 34036] [info] [Overlay] hotkey vk=0x23 closed
[2026-10-05 08:09:47.872] [thread 33464] [info] [Community NR frame] source=1 requested=true evaluated=false profile=rtx40 revision=1 reset=true frames=0 resets=0 status=NR paused; waiting for a valid TRP world frame
[2026-10-05 08:13:39.240] [thread 34036] [info] [Community NR frame] source=22402 requested=false evaluated=false profile=rtx40 revision=2 reset=true frames=561 resets=26 status=NR off
[2026-10-05 08:13:40.961] [thread 34036] [info] [Community NR frame] source=22505 requested=true evaluated=true profile=rtx40 revision=3 reset=true frames=562 resets=27 status=NR active after upscaling, before FG; rtx40; one SDR RGBA8 byte trial pass
[2026-10-05 08:13:44.065] [thread 34036] [info] [Community NR frame] source=22647 requested=true evaluated=true profile=rtx40 revision=4 reset=true frames=704 resets=28 status=NR active before upscaling; rtx40; one SDR RGBA8 byte trial pass
[2026-10-05 08:13:47.546] [thread 34036] [info] [Community NR frame] source=22806 requested=true evaluated=true profile=rtx40 revision=5 reset=true frames=863 resets=29 status=NR active after upscaling, before FG; rtx40; one SDR RGBA8 byte trial pass
[2026-10-05 08:13:54.584] [thread 34036] [info] [Community NR frame] source=23143 requested=true evaluated=true profile=rtx40 revision=6 reset=false frames=1200 resets=30 status=NR active after upscaling, before FG; rtx40; one SDR RGBA8 byte trial pass
[2026-10-05 08:21:51.382] [thread 34036] [info] [Community NR frame] source=53195 requested=true evaluated=true profile=rtx40 revision=6 reset=false frames=31200 resets=93 status=NR active after upscaling, before FG; rtx40; one SDR RGBA8 byte trial pass
[2026-10-05 08:22:02.641] [thread 34036] [info] [Community NR frame] source=53795 requested=true evaluated=true profile=rtx40 revision=6 reset=false frames=31800 resets=93 status=NR active after upscaling, before FG; rtx40; one SDR RGBA8 byte trial pass
[2026-10-05 08:09:35.424] [thread 34036] [info] [SourceDLSSG] frame=1 enabled=false status=0 presented=1 maximum=1 inputFence=0x1b8d1653410 value=0 runtimePresentedTotal=1 stateQueries=2 stateQueryResult=0 stateWarnings=0 presentationEpoch=1 nativePresentSamples=1 nativeOutputs=0 nativeBatchedAdditional=0 nativeQueryFailures=0 outputBatches=1 generatedPresented=0 interpolatedNotPresented=0 batchMismatches=0 unknownOutputBatches=0 configurationChanges=0 reflexQueries=1 reflexFailures=0 reflexReports=0 reflexAvailable=true latencyReportAvailable=true pacerSkips=0 presentSkips=0 drops=0 identityMismatches=0 warmupResets=0 syncFailures=0 nrGpuSamples=0 nrGpuFailures=0 nrGpuAvgUs=0.00 nrGpuMaxUs=0.00 nrCpuSamples=0 nrCpuAvgUs=0.00 nrCpuMaxUs=0.00
[2026-10-05 08:13:35.004] [thread 34036] [info] [SourceDLSSG] frame=22200 enabled=true status=0 presented=2 maximum=1 inputFence=0x1b8d1653410 value=22200 runtimePresentedTotal=22458 stateQueries=22201 stateQueryResult=0 stateWarnings=0 presentationEpoch=1 nativePresentSamples=22200 nativeOutputs=22445 nativeBatchedAdditional=247 nativeQueryFailures=0 outputBatches=22200 generatedPresented=258 interpolatedNotPresented=3 batchMismatches=0 unknownOutputBatches=0 configurationChanges=1 reflexQueries=694 reflexFailures=0 reflexReports=22143 reflexAvailable=true latencyReportAvailable=true pacerSkips=0 presentSkips=0 drops=0 identityMismatches=0 warmupResets=0 syncFailures=0 nrGpuSamples=0 nrGpuFailures=0 nrGpuAvgUs=0.00 nrGpuMaxUs=0.00 nrCpuSamples=0 nrCpuAvgUs=0.00 nrCpuMaxUs=0.00
[2026-10-05 08:13:59.622] [thread 34036] [info] [SourceDLSSG] frame=23400 enabled=false status=0 presented=1 maximum=1 inputFence=0x1b8d1653410 value=23228 runtimePresentedTotal=24686 stateQueries=23401 stateQueryResult=0 stateWarnings=0 presentationEpoch=1 nativePresentSamples=23400 nativeOutputs=24669 nativeBatchedAdditional=1271 nativeQueryFailures=0 outputBatches=23400 generatedPresented=1286 interpolatedNotPresented=3 batchMismatches=0 unknownOutputBatches=0 configurationChanges=2 reflexQueries=732 reflexFailures=0 reflexReports=23359 reflexAvailable=true latencyReportAvailable=true pacerSkips=0 presentSkips=0 drops=0 identityMismatches=0 warmupResets=0 syncFailures=0 nrGpuSamples=0 nrGpuFailures=0 nrGpuAvgUs=0.00 nrGpuMaxUs=0.00 nrCpuSamples=0 nrCpuAvgUs=0.00 nrCpuMaxUs=0.00
[2026-10-05 08:14:11.883] [thread 34036] [info] [SourceDLSSG] frame=24000 enabled=true status=0 presented=2 maximum=1 inputFence=0x1b8d1653410 value=24000 runtimePresentedTotal=25551 stateQueries=24001 stateQueryResult=0 stateWarnings=0 presentationEpoch=1 nativePresentSamples=24000 nativeOutputs=25530 nativeBatchedAdditional=1533 nativeQueryFailures=0 outputBatches=24000 generatedPresented=1551 interpolatedNotPresented=3 batchMismatches=0 unknownOutputBatches=0 configurationChanges=3 reflexQueries=751 reflexFailures=0 reflexReports=23967 reflexAvailable=true latencyReportAvailable=true pacerSkips=0 presentSkips=0 drops=0 identityMismatches=0 warmupResets=0 syncFailures=0 nrGpuSamples=0 nrGpuFailures=0 nrGpuAvgUs=0.00 nrGpuMaxUs=0.00 nrCpuSamples=0 nrCpuAvgUs=0.00 nrCpuMaxUs=0.00
[2026-10-05 08:20:11.490] [thread 34036] [info] [SourceDLSSG] frame=48000 enabled=false status=0 presented=1 maximum=1 inputFence=0x1b8d1653410 value=47827 runtimePresentedTotal=73378 stateQueries=48001 stateQueryResult=0 stateWarnings=0 presentationEpoch=1 nativePresentSamples=48000 nativeOutputs=73355 nativeBatchedAdditional=25359 nativeQueryFailures=0 outputBatches=48000 generatedPresented=25378 interpolatedNotPresented=3 batchMismatches=0 unknownOutputBatches=0 configurationChanges=4 reflexQueries=1501 reflexFailures=0 reflexReports=47967 reflexAvailable=true latencyReportAvailable=true pacerSkips=0 presentSkips=0 drops=0 identityMismatches=0 warmupResets=0 syncFailures=0 nrGpuSamples=0 nrGpuFailures=0 nrGpuAvgUs=0.00 nrGpuMaxUs=0.00 nrCpuSamples=0 nrCpuAvgUs=0.00 nrCpuMaxUs=0.00
[2026-10-05 08:20:32.500] [thread 34036] [info] [SourceDLSSG] frame=49200 enabled=true status=0 presented=2 maximum=1 inputFence=0x1b8d1653410 value=49200 runtimePresentedTotal=75571 stateQueries=49201 stateQueryResult=0 stateWarnings=0 presentationEpoch=1 nativePresentSamples=49200 nativeOutputs=75521 nativeBatchedAdditional=26327 nativeQueryFailures=0 outputBatches=49200 generatedPresented=26371 interpolatedNotPresented=3 batchMismatches=0 unknownOutputBatches=0 configurationChanges=7 reflexQueries=1538 reflexFailures=0 reflexReports=49151 reflexAvailable=true latencyReportAvailable=true pacerSkips=0 presentSkips=0 drops=0 identityMismatches=0 warmupResets=0 syncFailures=0 nrGpuSamples=0 nrGpuFailures=0 nrGpuAvgUs=0.00 nrGpuMaxUs=0.00 nrCpuSamples=0 nrCpuAvgUs=0.00 nrCpuMaxUs=0.00
[2026-10-05 08:14:24.422] [thread 34036] [info] [SourceDLSSG] frame=24600 enabled=true status=0 presented=2 maximum=1 inputFence=0x1b8d1653410 value=24600 runtimePresentedTotal=26751 stateQueries=24601 stateQueryResult=0 stateWarnings=0 presentationEpoch=1 nativePresentSamples=24600 nativeOutputs=26730 nativeBatchedAdditional=2133 nativeQueryFailures=0 outputBatches=24600 generatedPresented=2151 interpolatedNotPresented=3 batchMismatches=0 unknownOutputBatches=0 configurationChanges=3 reflexQueries=769 reflexFailures=0 reflexReports=24543 reflexAvailable=true latencyReportAvailable=true pacerSkips=0 presentSkips=0 drops=0 identityMismatches=0 warmupResets=0 syncFailures=0 nrGpuSamples=0 nrGpuFailures=0 nrGpuAvgUs=0.00 nrGpuMaxUs=0.00 nrCpuSamples=0 nrCpuAvgUs=0.00 nrCpuMaxUs=0.00
[2026-10-05 08:20:57.615] [thread 34036] [info] [SourceDLSSG] frame=50400 enabled=true status=0 presented=2 maximum=1 inputFence=0x1b8d1653410 value=50400 runtimePresentedTotal=77971 stateQueries=50401 stateQueryResult=0 stateWarnings=0 presentationEpoch=1 nativePresentSamples=50400 nativeOutputs=77921 nativeBatchedAdditional=27527 nativeQueryFailures=0 outputBatches=50400 generatedPresented=27571 interpolatedNotPresented=3 batchMismatches=0 unknownOutputBatches=0 configurationChanges=7 reflexQueries=1576 reflexFailures=0 reflexReports=50366 reflexAvailable=true latencyReportAvailable=true pacerSkips=0 presentSkips=0 drops=0 identityMismatches=0 warmupResets=0 syncFailures=0 nrGpuSamples=0 nrGpuFailures=0 nrGpuAvgUs=0.00 nrGpuMaxUs=0.00 nrCpuSamples=0 nrCpuAvgUs=0.00 nrCpuMaxUs=0.00
[2026-10-05 08:09:06.631] [thread 34036] [warning] KreatE 1.5.0 adapter rejected: unsupported DLL sha256=F0313183D10E76EC112517C5A96A9097D5C48581710103D97BDEEF7B6A4518D4
[2026-10-05 08:09:06.640] [thread 34036] [warning] Open Animation Replacer 3.1.5 adapter rejected: unsupported DLL sha256=DB61B8B691E709BEDE355514871918BAA63EABE8F6D0734BF17FFCF793B4C894
[2026-10-05 08:09:35.387] [thread 34036] [warning] [FrameGen] factory CreateSwapChain without a D3D11 device; passing through
[2026-10-05 08:09:47.872] [thread 33464] [warning] [SourceDLSSG] camera unavailable: player camera or graphics state absent
[2026-10-05 08:09:47.872] [thread 33464] [warning] [SourceDLSSG] generation held off cameraValid=false backend=source Streamline swapchain ready; generation off until valid inputs
[2026-10-05 08:11:44.831] [thread 33464] [warning] [SourceDLSSG] camera unavailable: no matching player view in graphics cache
[2026-10-05 08:22:06.451] [thread 34036] [info] [SourceDLSSG] frame=54000 enabled=true status=0 presented=1 maximum=1 inputFence=0x1b8d1653410 value=50503 runtimePresentedTotal=81659 stateQueries=54001 stateQueryResult=0 stateWarnings=0 presentationEpoch=1 nativePresentSamples=54000 nativeOutputs=81606 nativeBatchedAdditional=27615 nativeQueryFailures=0 outputBatches=54000 generatedPresented=27659 interpolatedNotPresented=3515 batchMismatches=0 unknownOutputBatches=0 configurationChanges=7 reflexQueries=1688 reflexFailures=0 reflexReports=53950 reflexAvailable=true latencyReportAvailable=true pacerSkips=0 presentSkips=0 drops=0 identityMismatches=0 warmupResets=0 syncFailures=0 nrGpuSamples=0 nrGpuFailures=0 nrGpuAvgUs=0.00 nrGpuMaxUs=0.00 nrCpuSamples=0 nrCpuAvgUs=0.00 nrCpuMaxUs=0.00
