[2026-10-05 08:25:37.943] [thread 34036] [info] [Overlay] hotkey vk=0x23 opened
[2026-10-05 08:25:43.015] [thread 34036] [info] [Overlay] source settings applied save=false mode=3 quality=2 preset=11 requestedMode=3 requestedQuality=2 requestedPreset=11
[2026-10-05 08:25:43.035] [thread 34036] [info] [Community NR settings] revision=7 placement=After SR before FG stableColors=false tone=0.56 structure=1.544 style=1
[2026-10-05 08:25:45.482] [thread 34036] [info] [Overlay] source settings applied save=false mode=3 quality=2 preset=11 requestedMode=3 requestedQuality=2 requestedPreset=11
[2026-10-05 08:25:45.501] [thread 34036] [info] [Community NR settings] revision=8 placement=After SR before FG stableColors=false tone=0.56 structure=1.544 style=0
[2026-10-05 08:25:47.722] [thread 34036] [info] [Overlay] source settings applied save=false mode=3 quality=2 preset=11 requestedMode=3 requestedQuality=2 requestedPreset=11
[2026-10-05 08:25:47.741] [thread 34036] [info] [Community NR settings] revision=9 placement=After SR before FG stableColors=false tone=0.56 structure=1.544 style=4
[2026-10-05 08:25:48.623] [thread 34036] [info] [Overlay] hotkey vk=0x23 closed
[2026-10-05 08:26:29.837] [thread 34036] [info] [Overlay] hotkey vk=0x23 opened
[2026-10-05 08:26:33.838] [thread 34036] [info] [Overlay] source settings applied save=false mode=3 quality=2 preset=11 requestedMode=3 requestedQuality=2 requestedPreset=11
[2026-10-05 08:26:33.856] [thread 34036] [info] [Community NR settings] revision=10 placement=After SR before FG stableColors=false tone=0.56 structure=1.544 style=1
[2026-10-05 08:26:36.108] [thread 34036] [info] [Overlay] source settings applied save=false mode=3 quality=2 preset=11 requestedMode=3 requestedQuality=2 requestedPreset=11
[2026-10-05 08:26:36.125] [thread 34036] [info] [Community NR settings] revision=11 placement=After SR before FG stableColors=false tone=0.56 structure=1.544 style=0
[2026-10-05 08:26:38.126] [thread 34036] [info] [Overlay] source settings applied save=false mode=3 quality=2 preset=11 requestedMode=3 requestedQuality=2 requestedPreset=11
[2026-10-05 08:26:38.145] [thread 34036] [info] [Community NR settings] revision=12 placement=After SR before FG stableColors=false tone=0.56 structure=1.544 style=6
[2026-10-05 08:26:38.464] [thread 34036] [info] [Overlay] hotkey vk=0x23 closed
[2026-10-05 08:27:00.399] [thread 34036] [info] [Community NR frame] source=68795 requested=true evaluated=true profile=rtx40 revision=12 reset=false frames=46800 resets=101 status=NR active after upscaling, before FG; rtx40; one SDR RGBA8 byte trial pass
[2026-10-05 08:27:13.251] [thread 34036] [info] [Community NR frame] source=69395 requested=true evaluated=true profile=rtx40 revision=12 reset=false frames=47400 resets=102 status=NR active after upscaling, before FG; rtx40; one SDR RGBA8 byte trial pass
[2026-10-05 08:27:26.186] [thread 34036] [info] [Community NR frame] source=69995 requested=true evaluated=true profile=rtx40 revision=12 reset=false frames=48000 resets=103 status=NR active after upscaling, before FG; rtx40; one SDR RGBA8 byte trial pass
[2026-10-05 08:26:39.042] [thread 34036] [info] [SourceDLSSG] frame=67800 enabled=true status=0 presented=2 maximum=1 inputFence=0x1b8d1653410 value=67800 runtimePresentedTotal=100089 stateQueries=67801 stateQueryResult=0 stateWarnings=0 presentationEpoch=1 nativePresentSamples=67800 nativeOutputs=100019 nativeBatchedAdditional=32230 nativeQueryFailures=0 outputBatches=67800 generatedPresented=32289 interpolatedNotPresented=12685 batchMismatches=0 unknownOutputBatches=0 configurationChanges=7 reflexQueries=2119 reflexFailures=0 reflexReports=67742 reflexAvailable=true latencyReportAvailable=true pacerSkips=0 presentSkips=0 drops=0 identityMismatches=0 warmupResets=0 syncFailures=0 nrGpuSamples=0 nrGpuFailures=0 nrGpuAvgUs=0.00 nrGpuMaxUs=0.00 nrCpuSamples=0 nrCpuAvgUs=0.00 nrCpuMaxUs=0.00
[2026-10-05 08:27:30.282] [thread 34036] [info] [SourceDLSSG] frame=70200 enabled=true status=0 presented=2 maximum=1 inputFence=0x1b8d1653410 value=70200 runtimePresentedTotal=104889 stateQueries=70201 stateQueryResult=0 stateWarnings=0 presentationEpoch=1 nativePresentSamples=70200 nativeOutputs=104815 nativeBatchedAdditional=34626 nativeQueryFailures=0 outputBatches=70200 generatedPresented=34689 interpolatedNotPresented=12685 batchMismatches=0 unknownOutputBatches=0 configurationChanges=7 reflexQueries=2194 reflexFailures=0 reflexReports=70142 reflexAvailable=true latencyReportAvailable=true pacerSkips=0 presentSkips=0 drops=0 identityMismatches=0 warmupResets=0 syncFailures=0 nrGpuSamples=0 nrGpuFailures=0 nrGpuAvgUs=0.00 nrGpuMaxUs=0.00 nrCpuSamples=0 nrCpuAvgUs=0.00 nrCpuMaxUs=0.00
