PASS NarrowVerifiedCallerShimInstalled
PASS OnlyCallerIdentitySubstituted
PASS FeatureModuleQueryForwarded
PASS UnrelatedModuleQueryForwarded
PASS TruncatedCallerQueryFollowsWin32Contract
PASS SecondShimOwnerRejected
PASS OriginalImportRestoredBeforeUnload
PASS NarrowVerifiedCallerShimInstalled
PASS OnlyCallerIdentitySubstituted
PASS FeatureModuleQueryForwarded
PASS UnrelatedModuleQueryForwarded
PASS TruncatedCallerQueryFollowsWin32Contract
PASS SecondShimOwnerRejected
PASS InjectLaterOwner
PASS LaterOwnerNeverOverwritten
PASS TerminalRestorationNotRetried
PASS DestructorDoesNotRetryRestoration
PASS DirectOwnerInitializesExactRuntime
PASS DoubleOpenRejected
PASS ClientOwnershipAdmitted
PASS OutstandingClientPreventsShutdown
PASS RetiredClientOwnershipReleased
PASS DoubleClientReleaseRejected
PASS RetiredOwnerUnloadsAfterVerifiedShutdownAndRestore
PASS NrModuleUnloadedAfterCleanRetirement
PASS ActualDeviceRejectsForeignRendererLuid
PASS ForeignDeviceRejectedBeforeNrLoad
PASS ResidentConflictFixtureLoadedWithoutInit
PASS ResidentNrRejectedBeforeInitialization
PASS DirectOwnerInitializesExactRuntime
PASS DoubleOpenRejected
PASS FailedShutdownIsTerminal
PASS ShutdownNotRetried
PASS DestructorRetainsUncertainModuleAndDoesNotRetry
PASS QuarantinedOwnerRetainsVerifiedFileLease
PASS DirectOwnerInitializesExactRuntime
PASS DoubleOpenRejected
PASS ShimFaultInjectionProtection
PASS ChangedShimBlocksVendorShutdownAndUnload
PASS LaterHookOwnerPreservedThroughDestructor
