[2026-10-03 11:50:04.299] [thread 15908] [info] [Renderer] edition=Standard source=7eb33a7f3ebb module=D:\TESV54BETA\BETA_TRUEAE_V54\mods\TRP NR Before - DvaKolbas trial\SKSE\Plugins\TheosRenderPipeline.dll
[2026-10-03 11:50:04.299] [thread 15908] [info] [Renderer build] TRP_BUILD|edition=Standard|source=7eb33a7f3ebb|FSR=1|FG=1|NR=1
[2026-10-03 11:50:05.117] [thread 15908] [info] [Renderer] world/upscaling owner=Theo's Render Pipeline
[2026-10-03 11:50:05.118] [thread 15908] [info] [Appearance] loaded 0 presets (0 preset files)
[2026-10-03 11:50:05.118] [thread 15908] [info] [Renderer] source route selected: FSR, ordinary presentation, frame generation off
[2026-10-03 11:50:32.266] [thread 15908] [info] [Appearance] loaded 0 presets (0 preset files)
[2026-10-03 11:50:32.267] [thread 15908] [info] [FSR startup] requested extent=2560x1440 windowed=true flags=0x00000802 swapEffect=4 buffers=2
[2026-10-03 11:50:36.018] [thread 15908] [info] [FSR startup] provider=3.1.5 quality=NativeAA policy=Analytical sourceColorEncoding=Gamma22 render=2560x1440 output=2560x1440 presentation=AMD-D3D12 frameGeneration=context-deferred
[2026-10-03 11:50:36.095] [thread 15908] [info] [Community NR startup] available=true profile=rtx40 encoding=Gamma22 root=D:\TESV54BETA\BETA_TRUEAE_V54\Stock Game\Data\SKSE\Plugins\TheosRenderPipeline core=C:\Windows\System32\DriverStore\FileRepository\nv_dispi.inf_amd64_da865124972e1f80\_nvngx.dll presenterDevice=0x1f831ae5e00 status=NR ready for first real-world frame; GPU profile=rtx40
[2026-10-03 11:50:36.095] [thread 15908] [info] [Appearance] loaded 0 presets (0 preset files)
[2026-10-03 11:50:42.806] [thread 15908] [info] [Menu] Loading Menu opened
[2026-10-03 11:50:43.286] [thread 6232] [info] [Community NR frame] source=2 requested=true evaluated=false profile=rtx40 revision=1 reset=true frames=0 resets=0 status=NR paused; waiting for a valid TRP world frame
[2026-10-03 11:50:43.292] [thread 6232] [info] [FSR state] source=2 route=spatial recovery provider=3.1.5 menu=true reset=true deltaMs=38022.574 reason=main/loading menu or loading-screen presentation
[2026-10-03 11:50:43.963] [thread 6232] [info] [FSR FG] source=2 presentCount=1 renderedAtCapture=1 renderedNow=1 camera=0 guideCapture=0 temporalGuides=false configuredId=0 preparedId=0 requested=true prepare=false generate=false reason=Generation not requested callbackCount=0 callbackResult=0 submitted=true apiResult=0x00000000
[2026-10-03 11:50:43.974] [thread 6232] [info] [FSR FG] source=3 presentCount=2 renderedAtCapture=2 renderedNow=2 camera=0 guideCapture=0 temporalGuides=false configuredId=0 preparedId=0 requested=true prepare=false generate=false reason=Generation not requested callbackCount=0 callbackResult=0 submitted=true apiResult=0x00000000
[2026-10-03 11:52:32.655] [thread 17980] [info] [Appearance] loaded 0 presets (0 preset files)
[2026-10-03 11:52:32.722] [thread 15908] [info] [Menu] Loading Menu closed
[2026-10-03 11:52:39.081] [thread 15908] [info] [Menu] Loading Menu opened
[2026-10-03 11:52:51.262] [thread 15908] [info] [AutoTest] world entered (kPostLoadGame)
[2026-10-03 11:52:51.274] [thread 15908] [info] [Menu] Loading Menu closed
[2026-10-03 11:52:52.273] [thread 15908] [info] [Community NR frame] source=7891 requested=true evaluated=true profile=rtx40 revision=1 reset=true frames=1 resets=1 status=NR active before upscaling; rtx40; one native SDR pass
[2026-10-03 11:52:52.289] [thread 15908] [info] [FSR state] source=7891 route=temporal provider=3.1.5 menu=false reset=true deltaMs=190.8976 reason=FSR active: 3.1.5 on AMD presentation
[2026-10-03 11:52:52.340] [thread 15908] [info] [FSR FG] source=7891 presentCount=7890 renderedAtCapture=7890 renderedNow=7890 camera=2166695046784 guideCapture=1 temporalGuides=true configuredId=7891 preparedId=0 requested=true prepare=false generate=false reason=Menu or loading callbackCount=0 callbackResult=0 submitted=true apiResult=0x00000000
[2026-10-03 11:52:54.507] [thread 15908] [info] [FSR FG] source=7956 presentCount=7955 renderedAtCapture=7955 renderedNow=7955 camera=2166695046784 guideCapture=66 temporalGuides=true configuredId=7956 preparedId=0 requested=true prepare=false generate=false reason=Camera or extent reset callbackCount=0 callbackResult=0 submitted=true apiResult=0x00000000
[2026-10-03 11:52:54.540] [thread 15908] [info] [FSR FG] source=7957 presentCount=7956 renderedAtCapture=7956 renderedNow=7956 camera=2166695046784 guideCapture=67 temporalGuides=true configuredId=7957 preparedId=7957 requested=true prepare=true generate=true reason= callbackCount=1 callbackResult=0 submitted=true apiResult=0x00000000
[2026-10-03 11:53:09.335] [thread 15908] [info] [Community NR frame] source=8456 requested=false evaluated=false profile=rtx40 revision=2 reset=true frames=565 resets=2 status=NR off
[2026-10-03 11:53:09.342] [thread 15908] [info] [FSR FG] source=8456 presentCount=8455 renderedAtCapture=8455 renderedNow=8455 camera=2166695046784 guideCapture=566 temporalGuides=true configuredId=8456 preparedId=0 requested=true prepare=false generate=false reason=Camera or extent reset callbackCount=0 callbackResult=0 submitted=true apiResult=0x00000000
[2026-10-03 11:53:09.360] [thread 15908] [info] [FSR FG] source=8457 presentCount=8456 renderedAtCapture=8456 renderedNow=8456 camera=2166695046784 guideCapture=567 temporalGuides=true configuredId=8457 preparedId=8457 requested=true prepare=true generate=true reason= callbackCount=1 callbackResult=0 submitted=true apiResult=0x00000000
[2026-10-03 11:53:12.279] [thread 15908] [info] [Community NR frame] source=8622 requested=true evaluated=true profile=rtx40 revision=3 reset=true frames=566 resets=3 status=NR active before upscaling; rtx40; one native SDR pass
[2026-10-03 11:53:12.284] [thread 15908] [info] [FSR FG] source=8622 presentCount=8621 renderedAtCapture=8621 renderedNow=8621 camera=2166695046784 guideCapture=732 temporalGuides=true configuredId=8622 preparedId=0 requested=true prepare=false generate=false reason=Camera or extent reset callbackCount=0 callbackResult=0 submitted=true apiResult=0x00000000
[2026-10-03 11:53:12.314] [thread 15908] [info] [FSR FG] source=8623 presentCount=8622 renderedAtCapture=8622 renderedNow=8622 camera=2166695046784 guideCapture=733 temporalGuides=true configuredId=8623 preparedId=8623 requested=true prepare=true generate=true reason= callbackCount=1 callbackResult=0 submitted=true apiResult=0x00000000
[2026-10-03 11:53:13.307] [thread 15908] [info] [Community NR frame] source=8656 requested=true evaluated=true profile=rtx40 revision=3 reset=false frames=600 resets=3 status=NR active before upscaling; rtx40; one native SDR pass
[2026-10-03 11:53:14.698] [thread 15908] [info] [Community NR frame] source=8703 requested=false evaluated=false profile=rtx40 revision=4 reset=true frames=646 resets=3 status=NR off
[2026-10-03 11:53:14.705] [thread 15908] [info] [FSR FG] source=8703 presentCount=8702 renderedAtCapture=8702 renderedNow=8702 camera=2166695046784 guideCapture=813 temporalGuides=true configuredId=8703 preparedId=0 requested=true prepare=false generate=false reason=Camera or extent reset callbackCount=0 callbackResult=0 submitted=true apiResult=0x00000000
[2026-10-03 11:53:14.723] [thread 15908] [info] [FSR FG] source=8704 presentCount=8703 renderedAtCapture=8703 renderedNow=8703 camera=2166695046784 guideCapture=814 temporalGuides=true configuredId=8704 preparedId=8704 requested=true prepare=true generate=true reason= callbackCount=1 callbackResult=0 submitted=true apiResult=0x00000000
[2026-10-03 11:53:16.949] [thread 15908] [info] [Community NR frame] source=8829 requested=true evaluated=true profile=rtx40 revision=5 reset=true frames=647 resets=4 status=NR active before upscaling; rtx40; one native SDR pass
[2026-10-03 11:53:16.953] [thread 15908] [info] [FSR FG] source=8829 presentCount=8828 renderedAtCapture=8828 renderedNow=8828 camera=2166695046784 guideCapture=939 temporalGuides=true configuredId=8829 preparedId=0 requested=true prepare=false generate=false reason=Camera or extent reset callbackCount=0 callbackResult=0 submitted=true apiResult=0x00000000
[2026-10-03 11:53:16.983] [thread 15908] [info] [FSR FG] source=8830 presentCount=8829 renderedAtCapture=8829 renderedNow=8829 camera=2166695046784 guideCapture=940 temporalGuides=true configuredId=8830 preparedId=8830 requested=true prepare=true generate=true reason= callbackCount=1 callbackResult=0 submitted=true apiResult=0x00000000
[2026-10-03 11:53:26.302] [thread 15908] [info] [Community NR frame] source=9160 requested=false evaluated=false profile=rtx40 revision=6 reset=true frames=977 resets=4 status=NR off
[2026-10-03 11:53:26.312] [thread 15908] [info] [FSR FG] source=9160 presentCount=9159 renderedAtCapture=9159 renderedNow=9159 camera=2166695046784 guideCapture=1270 temporalGuides=true configuredId=9160 preparedId=0 requested=true prepare=false generate=false reason=Camera or extent reset callbackCount=0 callbackResult=0 submitted=true apiResult=0x00000000
[2026-10-03 11:53:26.329] [thread 15908] [info] [FSR FG] source=9161 presentCount=9160 renderedAtCapture=9160 renderedNow=9160 camera=2166695046784 guideCapture=1271 temporalGuides=true configuredId=9161 preparedId=9161 requested=true prepare=true generate=true reason= callbackCount=1 callbackResult=0 submitted=true apiResult=0x00000000
[2026-10-03 11:53:28.649] [thread 15908] [info] [Community NR frame] source=9308 requested=true evaluated=true profile=rtx40 revision=7 reset=true frames=978 resets=5 status=NR active before upscaling; rtx40; one native SDR pass
[2026-10-03 11:53:28.653] [thread 15908] [info] [FSR FG] source=9308 presentCount=9307 renderedAtCapture=9307 renderedNow=9307 camera=2166695046784 guideCapture=1418 temporalGuides=true configuredId=9308 preparedId=0 requested=true prepare=false generate=false reason=Camera or extent reset callbackCount=0 callbackResult=0 submitted=true apiResult=0x00000000
[2026-10-03 11:53:28.680] [thread 15908] [info] [FSR FG] source=9309 presentCount=9308 renderedAtCapture=9308 renderedNow=9308 camera=2166695046784 guideCapture=1419 temporalGuides=true configuredId=9309 preparedId=9309 requested=true prepare=true generate=true reason= callbackCount=1 callbackResult=0 submitted=true apiResult=0x00000000
[2026-10-03 11:53:32.162] [thread 15908] [info] [FSR FG] source=9433 presentCount=9432 renderedAtCapture=9432 renderedNow=9432 camera=2166695046784 guideCapture=1543 temporalGuides=true configuredId=9433 preparedId=0 requested=true prepare=false generate=false reason=Camera or extent reset callbackCount=0 callbackResult=0 submitted=true apiResult=0x00000000
[2026-10-03 11:53:32.191] [thread 15908] [info] [FSR FG] source=9434 presentCount=9433 renderedAtCapture=9433 renderedNow=9433 camera=2166695046784 guideCapture=1544 temporalGuides=true configuredId=9434 preparedId=9434 requested=true prepare=true generate=true reason= callbackCount=1 callbackResult=0 submitted=true apiResult=0x00000000
[2026-10-03 11:53:34.895] [thread 15908] [info] [Community NR frame] source=9530 requested=true evaluated=true profile=rtx40 revision=8 reset=false frames=1200 resets=6 status=NR active before upscaling; rtx40; one native SDR pass
[2026-10-03 11:53:37.032] [thread 15908] [info] [FSR FG] source=9606 presentCount=9605 renderedAtCapture=9605 renderedNow=9605 camera=2166695046784 guideCapture=1716 temporalGuides=true configuredId=9606 preparedId=0 requested=true prepare=false generate=false reason=Camera or extent reset callbackCount=0 callbackResult=0 submitted=true apiResult=0x00000000
[2026-10-03 11:53:37.060] [thread 15908] [info] [FSR FG] source=9607 presentCount=9606 renderedAtCapture=9606 renderedNow=9606 camera=2166695046784 guideCapture=1717 temporalGuides=true configuredId=9607 preparedId=9607 requested=true prepare=true generate=true reason= callbackCount=1 callbackResult=0 submitted=true apiResult=0x00000000
[2026-10-03 11:53:40.661] [thread 15908] [info] [FSR FG] source=9735 presentCount=9734 renderedAtCapture=9734 renderedNow=9734 camera=2166695046784 guideCapture=1845 temporalGuides=true configuredId=9735 preparedId=0 requested=true prepare=false generate=false reason=Camera or extent reset callbackCount=0 callbackResult=0 submitted=true apiResult=0x00000000
[2026-10-03 11:53:40.690] [thread 15908] [info] [FSR FG] source=9736 presentCount=9735 renderedAtCapture=9735 renderedNow=9735 camera=2166695046784 guideCapture=1846 temporalGuides=true configuredId=9736 preparedId=9736 requested=true prepare=true generate=true reason= callbackCount=1 callbackResult=0 submitted=true apiResult=0x00000000
[2026-10-03 11:53:43.423] [thread 15908] [info] [FSR FG] source=9833 presentCount=9832 renderedAtCapture=9832 renderedNow=9832 camera=2166695046784 guideCapture=1943 temporalGuides=true configuredId=9833 preparedId=0 requested=true prepare=false generate=false reason=Camera or extent reset callbackCount=0 callbackResult=0 submitted=true apiResult=0x00000000
[2026-10-03 11:53:43.452] [thread 15908] [info] [FSR FG] source=9834 presentCount=9833 renderedAtCapture=9833 renderedNow=9833 camera=2166695046784 guideCapture=1944 temporalGuides=true configuredId=9834 preparedId=9834 requested=true prepare=true generate=true reason= callbackCount=1 callbackResult=0 submitted=true apiResult=0x00000000
[2026-10-03 11:53:50.168] [thread 15908] [info] [FSR FG] source=10072 presentCount=10071 renderedAtCapture=10071 renderedNow=10071 camera=2166695046784 guideCapture=2182 temporalGuides=true configuredId=10072 preparedId=0 requested=true prepare=false generate=false reason=Camera or extent reset callbackCount=0 callbackResult=0 submitted=true apiResult=0x00000000
[2026-10-03 11:53:51.834] [thread 15908] [info] [Community NR frame] source=10130 requested=true evaluated=true profile=rtx40 revision=12 reset=false frames=1800 resets=10 status=NR active before upscaling; rtx40; one native SDR pass
[2026-10-03 11:54:08.663] [thread 15908] [info] [Community NR frame] source=10730 requested=true evaluated=true profile=rtx40 revision=15 reset=false frames=2400 resets=13 status=NR active before upscaling; rtx40; one native SDR pass
[2026-10-03 11:54:26.414] [thread 15908] [info] [Community NR frame] source=11330 requested=true evaluated=true profile=rtx40 revision=15 reset=false frames=3000 resets=13 status=NR active before upscaling; rtx40; one native SDR pass
[2026-10-03 11:54:44.712] [thread 15908] [info] [Community NR frame] source=11930 requested=true evaluated=true profile=rtx40 revision=16 reset=false frames=3600 resets=14 status=NR active before upscaling; rtx40; one native SDR pass
[2026-10-03 11:55:03.176] [thread 15908] [info] [Community NR frame] source=12530 requested=true evaluated=true profile=rtx40 revision=16 reset=false frames=4200 resets=14 status=NR active before upscaling; rtx40; one native SDR pass
[2026-10-03 11:55:20.955] [thread 15908] [info] [Community NR frame] source=13130 requested=true evaluated=true profile=rtx40 revision=16 reset=false frames=4800 resets=14 status=NR active before upscaling; rtx40; one native SDR pass
[2026-10-03 11:55:39.096] [thread 15908] [info] [Community NR frame] source=13730 requested=true evaluated=true profile=rtx40 revision=16 reset=false frames=5400 resets=14 status=NR active before upscaling; rtx40; one native SDR pass
[2026-10-03 11:55:56.750] [thread 15908] [info] [Community NR frame] source=14330 requested=true evaluated=true profile=rtx40 revision=16 reset=false frames=6000 resets=14 status=NR active before upscaling; rtx40; one native SDR pass
[2026-10-03 11:56:13.781] [thread 15908] [info] [Community NR frame] source=14930 requested=true evaluated=true profile=rtx40 revision=16 reset=false frames=6600 resets=14 status=NR active before upscaling; rtx40; one native SDR pass
[2026-10-03 11:56:30.672] [thread 15908] [info] [Community NR frame] source=15530 requested=true evaluated=true profile=rtx40 revision=16 reset=false frames=7200 resets=14 status=NR active before upscaling; rtx40; one native SDR pass
[2026-10-03 11:56:47.595] [thread 15908] [info] [Community NR frame] source=16130 requested=true evaluated=true profile=rtx40 revision=16 reset=false frames=7800 resets=14 status=NR active before upscaling; rtx40; one native SDR pass
