PASS CaptureHostCreatedFenceDeviceIdentity
PASS OwnedRealPacketAccepted_ShapeNotTemporalQualification
PASS StaleGuideSourceRejected
PASS StaleGuideEpochRejected
PASS ColorOutputAliasRejected
PASS MissingDepthRejected
PASS UnknownColorDomainRejected
PASS GeneratedGuideRecipeUnavailableUntilQualified
PASS MismatchedGuideExtentRejected
PASS WrongMotionFormatRejected
PASS InvalidDeclaredOutputStateRejected
PASS ActualDeviceLuidMismatchRejected
PASS UnretiredProducerRejected
PASS CompletedProducerFenceAccepted
NR_DEVICE host=000001CD4303AB60 fenceOwner=000001CD40C24370 wrapped=1
PASS WrappedRegressionActuallyUsesDifferentFenceDeviceIdentity
PASS CompletedForeignProducerFenceRejectedBeforeRecording
PASS CaptureIndependentForeignFenceAnchor
PASS ForeignAnchorCannotAdmitForeignFenceToHostPacket
PASS MissingRecordingListRejected
