PASS CaptureHostCreatedFenceDeviceIdentity
PASS OwnedRealPacketAccepted_ShapeNotTemporalQualification
PASS StaleGuideSourceRejected
PASS StaleGuideEpochRejected
PASS ColorOutputAliasRejected
PASS MissingDepthRejected
PASS UnknownColorDomainRejected
PASS GeneratedGuideRecipeUnavailableUntilQualified
PASS MismatchedGuideExtentRejected
PASS WrongMotionFormatRejected
PASS InvalidDeclaredOutputStateRejected
PASS ActualDeviceLuidMismatchRejected
PASS UnretiredProducerRejected
PASS CompletedProducerFenceAccepted
NR_DEVICE host=000002C0139BDB10 fenceOwner=000002C0139BDB10 wrapped=0
PASS WrappedRegressionActuallyUsesDifferentFenceDeviceIdentity
PASS CompletedForeignProducerFenceRejectedBeforeRecording
PASS CaptureIndependentForeignFenceAnchor
FAIL ForeignAnchorCannotAdmitForeignFenceToHostPacket
PASS MissingRecordingListRejected
